load_backend: loaded BLAS backend from /opt/homebrew/Cellar/ggml/0.24.0/libexec/libggml-blas.so
ggml_metal_device_init: tensor API disabled for pre-M5 and pre-A19 devices
ggml_metal_library_init: using embedded metal library
ggml_metal_library_compile_all: compiled 'fa' library in 0.014 sec
ggml_metal_library_compile_all: compiled 'mul_mv' library in 0.006 sec
ggml_metal_library_compile_all: compiled 'mul_mm' library in 0.005 sec
ggml_metal_library_compile_all: compiled 'quantize' library in 0.005 sec
ggml_metal_library_compile_all: compiled 'softmax' library in 0.004 sec
ggml_metal_library_compile_all: compiled 'norm' library in 0.014 sec
ggml_metal_library_compile_all: compiled 'unary' library in 0.004 sec
ggml_metal_library_compile_all: compiled 'binbcast' library in 0.014 sec
ggml_metal_library_compile_all: compiled 'reduce' library in 0.004 sec
ggml_metal_library_compile_all: compiled 'tri' library in 0.004 sec
ggml_metal_library_compile_all: compiled 'ssm' library in 0.006 sec
ggml_metal_library_compile_all: compiled 'wkv' library in 0.004 sec
ggml_metal_library_compile_all: compiled 'gated_delta_net' library in 0.014 sec
ggml_metal_library_compile_all: compiled 'solve_tri' library in 0.014 sec
ggml_metal_library_compile_all: compiled 'rope' library in 0.014 sec
ggml_metal_library_compile_all: compiled 'conv' library in 0.013 sec
ggml_metal_library_compile_all: compiled 'upscale' library in 0.006 sec
ggml_metal_library_compile_all: compiled 'argsort' library in 0.006 sec
ggml_metal_library_compile_all: compiled 'pool' library in 0.013 sec
ggml_metal_library_compile_all: compiled 'misc' library in 0.013 sec
ggml_metal_library_compile_all: loaded 20 libraries from embedded data in 0.014 sec (max single = 0.014 sec)
ggml_metal_rsets_init: creating a residency set collection (keep_alive = 180 s)
ggml_metal_device_init: GPU name:   MTL0 (Apple M4)
ggml_metal_device_init: GPU family: MTLGPUFamilyApple9  (1009)
ggml_metal_device_init: GPU family: MTLGPUFamilyCommon3 (3003)
ggml_metal_device_init: GPU family: MTLGPUFamilyMetal4  (5002)
ggml_metal_device_init: simdgroup reduction   = true
ggml_metal_device_init: simdgroup matrix mul. = true
ggml_metal_device_init: has unified memory    = true
ggml_metal_device_init: has bfloat            = true
ggml_metal_device_init: has tensor            = false
ggml_metal_device_init: use residency sets    = true
ggml_metal_device_init: use shared buffers    = true
ggml_metal_device_init: recommendedMaxWorkingSetSize  = 12713.12 MB
load_backend: loaded MTL backend from /opt/homebrew/Cellar/ggml/0.24.0/libexec/libggml-metal.so
load_backend: loaded CPU backend from /opt/homebrew/Cellar/ggml/0.24.0/libexec/libggml-cpu-apple_m4.so
whisper_init_from_file_with_params_no_state: loading model from '/Users/joydimapilis/.cache/hyperframes/whisper/models/ggml-small.en.bin'
whisper_init_with_params_no_state: use gpu    = 1
whisper_init_with_params_no_state: flash attn = 1
whisper_init_with_params_no_state: gpu_device = 0
whisper_init_with_params_no_state: dtw        = 0
whisper_init_with_params_no_state: devices    = 3
whisper_init_with_params_no_state: backends   = 3
whisper_model_load: loading model
whisper_model_load: n_vocab       = 51864
whisper_model_load: n_audio_ctx   = 1500
whisper_model_load: n_audio_state = 768
whisper_model_load: n_audio_head  = 12
whisper_model_load: n_audio_layer = 12
whisper_model_load: n_text_ctx    = 448
whisper_model_load: n_text_state  = 768
whisper_model_load: n_text_head   = 12
whisper_model_load: n_text_layer  = 12
whisper_model_load: n_mels        = 80
whisper_model_load: ftype         = 1
whisper_model_load: qntvr         = 0
whisper_model_load: type          = 3 (small)
whisper_model_load: adding 1607 extra tokens
whisper_model_load: n_langs       = 99
whisper_model_load:         MTL0 total size =   487.00 MB
whisper_model_load: model size    =  487.00 MB
whisper_backend_init_gpu: device 0: BLAS (type: 3)
whisper_backend_init_gpu: device 1: MTL0 (type: 1)
whisper_backend_init_gpu: found GPU device 1: MTL0 (type: 1, cnt: 0)
whisper_backend_init_gpu: using MTL0 backend
ggml_metal_init: allocating
ggml_metal_init: found device: Apple M4
ggml_metal_init: picking default device: Apple M4
ggml_metal_init: use fusion         = true
ggml_metal_init: use concurrency    = true
ggml_metal_init: use graph optimize = true
whisper_backend_init: using BLAS backend
whisper_init_state: kv self size  =   18.87 MB
whisper_init_state: kv cross size =   56.62 MB
whisper_init_state: kv pad  size  =    4.72 MB
whisper_init_state: compute buffer (conv)   =   23.38 MB
whisper_init_state: compute buffer (encode) =   39.56 MB
whisper_init_state: compute buffer (cross)  =   79.93 MB
whisper_init_state: compute buffer (decode) =   98.20 MB
read_audio_data: reading audio data from 'save-the-learnings/.tesseract-work/narration-trimmed-16k.wav' ...
read_audio_data: trying to decode with miniaudio

system_info: n_threads = 4 / 10 | WHISPER : VITISAI = 0 | COREML = 0 | OPENVINO = 0 | MTL : EMBED_LIBRARY = 1 | CPU : NEON = 1 | ARM_FMA = 1 | FP16_VA = 1 | MATMUL_INT8 = 1 | DOTPROD = 1 | SME = 1 | ACCELERATE = 1 | OPENMP = 1 | REPACK = 1 | 

main: processing 'save-the-learnings/.tesseract-work/narration-trimmed-16k.wav' (320000 samples, 20.0 sec), 4 threads, 1 processors, 5 beams + best of 5, lang = en, task = transcribe, timestamps = 1 ...


[00:00:00.000 --> 00:00:00.230]  
[00:00:00.230 --> 00:00:00.330]   For
[00:00:00.330 --> 00:00:00.620]   every
[00:00:00.620 --> 00:00:01.330]   finished
[00:00:01.330 --> 00:00:01.800]   video,
[00:00:01.800 --> 00:00:01.970]   the
[00:00:01.970 --> 00:00:02.260]   system
[00:00:02.260 --> 00:00:02.620]   creates
[00:00:02.620 --> 00:00:02.910]   its
[00:00:02.910 --> 00:00:03.160]   own
[00:00:03.160 --> 00:00:03.560]   reverse
[00:00:03.560 --> 00:00:04.240]   engineering
[00:00:04.240 --> 00:00:04.960]   document.
[00:00:04.960 --> 00:00:05.340]   This
[00:00:05.340 --> 00:00:06.010]   records
[00:00:06.010 --> 00:00:06.290]   how
[00:00:06.290 --> 00:00:06.570]   the
[00:00:06.570 --> 00:00:07.110]   video
[00:00:07.110 --> 00:00:07.340]   was
[00:00:07.340 --> 00:00:07.870]   made,
[00:00:07.870 --> 00:00:08.330]   including
[00:00:08.330 --> 00:00:08.520]   the
[00:00:08.520 --> 00:00:09.100]   prompts,
[00:00:09.100 --> 00:00:10.180]   structure,
[00:00:10.180 --> 00:00:10.740]   methods
[00:00:10.740 --> 00:00:11.140]   used,
[00:00:11.140 --> 00:00:11.840]   revisions,
[00:00:11.840 --> 00:00:12.080]   and
[00:00:12.080 --> 00:00:12.320]   key
[00:00:12.320 --> 00:00:13.280]   learnings.
[00:00:13.280 --> 00:00:13.610]   The
[00:00:13.610 --> 00:00:14.080]   workflow
[00:00:14.080 --> 00:00:14.370]   also
[00:00:14.370 --> 00:00:14.810]   checks
[00:00:14.810 --> 00:00:15.100]   that
[00:00:15.100 --> 00:00:15.430]   this
[00:00:15.430 --> 00:00:15.680]   file
[00:00:15.680 --> 00:00:16.150]   exists
[00:00:16.150 --> 00:00:16.560]   before
[00:00:16.560 --> 00:00:16.840]   the
[00:00:16.840 --> 00:00:17.140]   video
[00:00:17.140 --> 00:00:17.360]   can
[00:00:17.360 --> 00:00:17.490]   be
[00:00:17.490 --> 00:00:17.940]   marked
[00:00:17.940 --> 00:00:18.800]   complete.
output_srt: saving output to 'save-the-learnings/.tesseract-work/aligned.srt'
output_json: saving output to 'save-the-learnings/.tesseract-work/aligned.json'

whisper_print_timings:     load time =   410.21 ms
whisper_print_timings:     fallbacks =   0 p /   0 h
whisper_print_timings:      mel time =     7.45 ms
whisper_print_timings:   sample time =    70.76 ms /   305 runs (     0.23 ms per run)
whisper_print_timings:   encode time =   264.66 ms /     1 runs (   264.66 ms per run)
whisper_print_timings:   decode time =    10.37 ms /     1 runs (    10.37 ms per run)
whisper_print_timings:   batchd time =   481.59 ms /   300 runs (     1.61 ms per run)
whisper_print_timings:   prompt time =     0.00 ms /     1 runs (     0.00 ms per run)
whisper_print_timings:    total time =  1341.07 ms
ggml_metal_free: deallocating
